EN ripplecarry_201b299 NULL "//fileserver1/201b299/Coa/lab 3/ripple carry/ripplecarry/ripplecarry_201b299.vhd" sub00/vhpl02 1676973403
AR exp3_fa behavioral "//fileserver1/201b299/Coa/lab 3/ripple carry/ripplecarry/exp3_FA.vhd" sub00/vhpl01 1676973402
AR ripplecarry_201b299 structural "//fileserver1/201b299/Coa/lab 3/ripple carry/ripplecarry/ripplecarry_201b299.vhd" sub00/vhpl03 1676973404
EN exp3_fa NULL "//fileserver1/201b299/Coa/lab 3/ripple carry/ripplecarry/exp3_FA.vhd" sub00/vhpl00 1676973401
