EN decoder3to8 NULL "//fileserver1/201b299/Coa/lab 4/decoder/decoder2to4/decoder3to8.vhd" sub00/vhpl02 1678786553
AR decoder2to4 structural "//fileserver1/201b299/Coa/lab 4/decoder/decoder2to4/decoder2to4.vhd" sub00/vhpl01 1678786552
AR decoder3to8 structural "//fileserver1/201b299/Coa/lab 4/decoder/decoder2to4/decoder3to8.vhd" sub00/vhpl03 1678786554
EN decoder2to4 NULL "//fileserver1/201b299/Coa/lab 4/decoder/decoder2to4/decoder2to4.vhd" sub00/vhpl00 1678786551
