AR exp3_fa behavioral "//fileserver1/201b299/Coa/lab 3/ripple carry/ripplecarry generic/generic/exp3_FA.vhd" sub00/vhpl02 1677574165
EN ripplecarry_generic_201b299 NULL "//fileserver1/201b299/Coa/lab 3/ripple carry/ripplecarry generic/generic/ripplecarry_generic_201b299.vhd" sub00/vhpl00 1677574166
AR ripplecarry_generic_201b299 behavioral "//fileserver1/201b299/Coa/lab 3/ripple carry/ripplecarry generic/generic/ripplecarry_generic_201b299.vhd" sub00/vhpl03 1677574167
EN exp3_fa NULL "//fileserver1/201b299/Coa/lab 3/ripple carry/ripplecarry generic/generic/exp3_FA.vhd" sub00/vhpl01 1677574164
